// Jest Snapshot v1, https://goo.gl/fbAQLP

exports[`GtagScript tests Append Google Universal Analytics script to load Google Analytics 1`] = `
<h1>
  mock child
</h1>
`;
